package foo

type foo struct {
	bar       []byte
	qaz, qux  string
	timestamp time.Time
}
